$ git checkout HEAD road-not-token.txt
error: pathspec 'road-not-token.txt' did not match any file(s) known to git.
$ git checkout HEAD road-not-taken.txt
$ git checkout -- oven-bird.txt
$ git diff fire-and-ice.txt
$ git diff fire-and-ice.txt
diff --git a/fire-and-ice.txt b/fire-and-ice.txt
index 7b82cb6..40fb1c4 100644
--- a/fire-and-ice.txt
+++ b/fire-and-ice.txt
@@ -7,3 +7,5 @@ I hold with those who favor fire.
 But if it had to perish twice,
 I think I know enough of hate
 To say that for destruction ice
+Is also okay
+And would suffice.
\ No newline at end of file
$ git add .
$ git reset HEAD fire-and-ice.txt
Unstaged changes after reset:
M       fire-and-ice.txt
$ git commit -m ' remove and ice'
[master 9e668ad]  remove and ice
 2 files changed, 16 insertions(+), 15 deletions(-)
 rewrite oven-bird.txt (99%)
$ git add .
$ git commit -m 'modified all files'
[master 56a3093] modified all files
 3 files changed, 10 insertions(+), 2 deletions(-)
$ git log
commit 56a3093e3af7784211b8109c7a675339e611ea2e
Author: codecademy <ccuser@codecademy.com>
Date:   Fri Jan 7 13:20:34 2022 +0000

    modified all files

commit 9e668ada74b0ecda07d03c777efd91becaa72e96
Author: codecademy <ccuser@codecademy.com>
Date:   Fri Jan 7 13:18:02 2022 +0000

     remove and ice

commit 8a8cf5a34991e23726fab0d5cfa630b6fb069dd6
Author: danasselin <johndoe@example.com>
Date:   Thu Nov 19 11:05:57 2015 -0500

    Start Fire and Ice

commit 7a737817881418fd12225ea3bd415c5ee9214eb8
Author: danasselin <johndoe@example.com>
$ git reset 8a8cf5a
Unstaged changes after reset:
M       fire-and-ice.txt
M       oven-bird.txt
M       road-not-taken.txt
$ git checkout HEAD road-not-taken.txt
$ git checkout HEAD oven-bird.txt
$ git checkout HEAD fire-and-ice.txt
$ 